------------------------------------------------------------
Timing Analyzer Summary
------------------------------------------------------------

Type  : Slow 1100mV 85C Model Setup 'clk'
Slack : -0.905
TNS   : -6.057

Type  : Slow 1100mV 85C Model Hold 'clk'
Slack : 0.251
TNS   : 0.000

Type  : Slow 1100mV 85C Model Minimum Pulse Width 'clk'
Slack : -0.394
TNS   : -6.771

Type  : Slow 1100mV 0C Model Setup 'clk'
Slack : -0.838
TNS   : -6.068

Type  : Slow 1100mV 0C Model Hold 'clk'
Slack : 0.234
TNS   : 0.000

Type  : Slow 1100mV 0C Model Minimum Pulse Width 'clk'
Slack : -0.394
TNS   : -7.281

Type  : Fast 1100mV 85C Model Setup 'clk'
Slack : 0.003
TNS   : 0.000

Type  : Fast 1100mV 85C Model Hold 'clk'
Slack : 0.146
TNS   : 0.000

Type  : Fast 1100mV 85C Model Minimum Pulse Width 'clk'
Slack : -0.092
TNS   : -1.159

Type  : Fast 1100mV 0C Model Setup 'clk'
Slack : 0.078
TNS   : 0.000

Type  : Fast 1100mV 0C Model Hold 'clk'
Slack : 0.133
TNS   : 0.000

Type  : Fast 1100mV 0C Model Minimum Pulse Width 'clk'
Slack : -0.090
TNS   : -1.151

------------------------------------------------------------
